// Jest Snapshot v1, https://goo.gl/fbAQLP

exports[`should render ExpenseList with empty message 1`] = `
<div>
  <h1>
    Expense List
  </h1>
  <p>
    No expenses
  </p>
</div>
`;

exports[`should render ExpenseList with expenses 1`] = `
<div>
  <h1>
    Expense List
  </h1>
  <ExpenseListItem
    amount={1234}
    createdAt={0}
    description="gum"
    id="1"
    key="1"
    note=""
  />
  <ExpenseListItem
    amount={2}
    createdAt={-345600000}
    description="butt juice"
    id="2"
    key="2"
    note=""
  />
  <ExpenseListItem
    amount={666}
    createdAt={345600000}
    description="spicy butt juice"
    id="3"
    key="3"
    note=""
  />
</div>
`;
